
> platformone-next@0.1.0 build
> next build

   Γû▓ Next.js 16.0.10 (Turbopack)
   - Environments: .env

   Creating an optimized production build ...
 Γ£ô Compiled successfully in 4.2s
   Running TypeScript ...
node.exe : Failed to compile.
At C:\Program Files\nodejs\npm.ps1:29 char:3
+   & $NODE_EXE $NPM_CLI_JS $args
+   ~~~~~~~~~~~~~~~~~~~~~~~~~~~~~
    + CategoryInfo          : NotSpecified: (Failed to compile. 
   :String) [], RemoteException
    + FullyQualifiedErrorId : NativeCommandError
 

./app/layout.tsx:38:5
Type error: Argument of type '{}' is not assignable to 
parameter of type 'ThemeOptions'.
  Type '{}' is missing the following properties from type 
'ThemeOptions': companyLogo, copyrightTest, crbFooterScripts, 
crbHeaderScripts, and 7 more.

[0m [90m 36 |[39m   [36mconst[39m headerProps [33m=[39m 
mapHeaderData(
 [90m 37 |[39m     globalData[33m.[39mmenus[33m,[39m
[31m[1m>[22m[39m[90m 38 |[39m     
globalData[33m.[39mcrbThemeOptions
 [90m    |[39m     [31m[1m^[22m[39m
 [90m 39 |[39m   )[33m;[39m
 [90m 40 |[39m   [36mconst[39m footerProps [33m=[39m 
mapFooterData(
 [90m 41 |[39m     globalData[33m.[39mmenus[33m,[39m[0m
Next.js build worker exited with code: 1 and signal: null
